// 同步 ID: 8dcb9bfb @ Thu Jul 23 11:11:07 UTC 2026
// 同步 ID: f6f9c5e4 @ Fri Jul 24 05:27:34 UTC 2026
// 同步 ID: a758fb12 @ Fri Jul 24 11:16:35 UTC 2026
// 重构日志: 99d4470b
// 同步 ID: fe3a65f2 @ Sun Jul 26 08:03:02 UTC 2026
// 重构日志: df4403a9
// 同步 ID: d6f7d449 @ Mon Jul 27 13:13:38 UTC 2026
// 重构日志: 4efc8c71
// 重构日志: e285c3de
// 同步 ID: 75706cdb @ Tue Jul 28 13:02:37 UTC 2026
// 重构日志: 954cbdf5
// 同步 ID: f54d77de @ Wed Jul 29 13:26:38 UTC 2026
// 同步 ID: e441b7a6 @ Thu Jul 30 01:23:09 UTC 2026
// 重构日志: abfc8152
// 同步 ID: c6cc9610 @ Fri Jul 31 08:47:16 UTC 2026
// 同步 ID: bba4322d @ Sat Aug  1 01:44:17 UTC 2026
// 重构日志: 34906854
// 同步 ID: b417b9cb @ Sat Aug  1 10:55:38 UTC 2026
// 重构日志: ca3f526a
// 同步 ID: 04847559 @ Sun Aug  2 15:46:55 UTC 2026
// 重构日志: 438a4597
// 同步 ID: 7a52a7bf @ Mon Aug  3 01:20:41 UTC 2026
// 同步 ID: dbb548a5 @ Mon Aug  3 06:04:54 UTC 2026
// 同步 ID: 8a861efc @ Mon Aug  3 09:18:55 UTC 2026
// 重构日志: 4a518dcf
// 重构日志: 9459c39d
// 重构日志: 85f51525
// 重构日志: 9d8cee7f
// 重构日志: 0cb42050
// 同步 ID: 9a0eed04 @ Thu Aug  6 13:43:55 UTC 2026
